/*
 * Copyright 2012 JBoss Inc
 *
 * Licensed under the Apache License, Version 2.0 (the "License");
 * you may not use this file except in compliance with the License.
 * You may obtain a copy of the License at
 *
 *       http://www.apache.org/licenses/LICENSE-2.0
 *
 * Unless required by applicable law or agreed to in writing, software
 * distributed under the License is distributed on an "AS IS" BASIS,
 * WITHOUT WARRANTIES OR CONDITIONS OF ANY KIND, either express or implied.
 * See the License for the specific language governing permissions and
 * limitations under the License.
 */

package org.uberfire.annotations.processors;

import java.util.Arrays;
import java.util.Collection;
import java.util.Collections;
import javax.annotation.Generated;
import javax.enterprise.context.ApplicationScoped;
import javax.inject.Inject;

import org.uberfire.client.mvp.AbstractPerspectiveActivity;
import org.uberfire.client.mvp.PlaceManager;

import org.uberfire.client.workbench.model.PerspectiveDefinition;
import org.uberfire.client.workbench.annotations.Identifier;
import org.uberfire.client.workbench.annotations.DefaultPerspective;

@ApplicationScoped
@DefaultPerspective
@Generated("org.uberfire.annotations.processors.PerspectiveProcessor")
@Identifier("PerspectiveTest5")
/*
 * WARNING! This class is generated. Do not modify.
 */
public class PerspectiveTest5Activity_getPerspective extends AbstractPerspectiveActivity {

    private static final Collection<String> ROLES = Arrays.asList("ADMIN", "SUDO");

    private static final Collection<String> TRAITS = Arrays.asList("org.uberfire.security.annotations.All");

    @Inject
    private PerspectiveTest5 realClass;

    @Inject
    //Constructor injection for testing
    public PerspectiveTest5Activity_getPerspective(final PlaceManager placeManager) {
        super( placeManager );
    }

    @Override
    public String getIdentifier() {
        return "PerspectiveTest5";
    }

    @Override
    public PerspectiveDefinition getPerspective() {
        return realClass.getPerspective(); 
    }
    
    @Override
    public Collection<String> getRoles() {
        return ROLES;
    }

    @Override
    public Collection<String> getTraits() {
        return TRAITS;
    }

    @Override
    public String getSignatureId() {
        return "org.uberfire.annotations.processors.PerspectiveTest5Activity_getPerspective";
    }
}
