/*
 * Copyright 2012 JBoss Inc
 *
 * Licensed under the Apache License, Version 2.0 (the "License");
 * you may not use this file except in compliance with the License.
 * You may obtain a copy of the License at
 *
 *       http://www.apache.org/licenses/LICENSE-2.0
 *
 * Unless required by applicable law or agreed to in writing, software
 * distributed under the License is distributed on an "AS IS" BASIS,
 * WITHOUT WARRANTIES OR CONDITIONS OF ANY KIND, either express or implied.
 * See the License for the specific language governing permissions and
 * limitations under the License.
 */

package org.uberfire.annotations.processors;

import java.util.Arrays;
import java.util.Collection;
import java.util.Collections;
import javax.annotation.Generated;
import javax.enterprise.context.ApplicationScoped;
import javax.inject.Inject;

import org.uberfire.client.mvp.AbstractPerspectiveActivity;
import org.uberfire.client.workbench.model.PerspectiveDefinition;
import org.uberfire.client.workbench.annotations.Identifier;

@ApplicationScoped
@Generated("org.uberfire.annotations.processors.PerspectiveProcessor")
@Identifier("PerspectiveTest7-0")
/*
 * WARNING! This class is generated. Do not modify.
 */
public class PerspectiveTest7Activity_getPerspective0 extends AbstractPerspectiveActivity {

    private static final Collection<String> ROLES = Collections.emptyList();

    private static final Collection<String> TRAITS = Collections.emptyList();

    @Inject
    private PerspectiveTest7 realClass;

    @Override
    public String getIdentifier() {
        return "PerspectiveTest7-0";
    }

    @Override
    public PerspectiveDefinition getPerspective() {
        return realClass.getPerspective0(); 
    }
    
    @Override
    public Collection<String> getRoles() {
        return ROLES;
    }

    @Override
    public Collection<String> getTraits() {
        return TRAITS;
    }

    @Override
    public String getSignatureId() {
        return "org.uberfire.annotations.processors.PerspectiveTest7Activity_getPerspective0";
    }
}
