/*
 * Copyright 2012 JBoss Inc
 *
 * Licensed under the Apache License, Version 2.0 (the "License");
 * you may not use this file except in compliance with the License.
 * You may obtain a copy of the License at
 *
 *       http://www.apache.org/licenses/LICENSE-2.0
 *
 * Unless required by applicable law or agreed to in writing, software
 * distributed under the License is distributed on an "AS IS" BASIS,
 * WITHOUT WARRANTIES OR CONDITIONS OF ANY KIND, either express or implied.
 * See the License for the specific language governing permissions and
 * limitations under the License.
 */

package org.uberfire.annotations.processors;

import javax.annotation.Generated;
import javax.enterprise.context.Dependent;
import javax.inject.Inject;
import javax.annotation.PostConstruct;
import org.uberfire.client.mvp.UberView;

import org.uberfire.client.workbench.annotations.Identifier;
import org.uberfire.client.mvp.AbstractScreenActivity;

import com.google.gwt.user.client.ui.IsWidget;

@Dependent
@Generated("org.uberfire.annotations.processors.WorkbenchScreenProcessor")
@Identifier("test10")
/*
 * WARNING! This class is generated. Do not modify.
 */
public class WorkbenchScreenTest10Activity extends AbstractScreenActivity {

    @Inject
    private WorkbenchScreenTest10 realPresenter;

    @PostConstruct
    public void init() {
        ((UberView) realPresenter.getView()).init( realPresenter );
    }

    @Override
    public String getTitle() {
        return realPresenter.getTitle();
    }

    @Override
    public IsWidget getWidget() {
        return realPresenter.getView();
    }
    
}
